// Jest Snapshot v1, https://goo.gl/fbAQLP

exports[`should get profiles properly: aurore 1`] = `
{
  "about": {
    "text": "Hello ! Une recruteuse de feu 👩🏻, là pour t'aider à trouver ton job TECH idéal 🤩 parmi les meilleures opportunités du marché au sein de startups, d'éditeurs de logiciels ou de grands comptes. J'ai régulièrement de nouvelles offres exclusives à proposer alors n'hésites pas à m'ajouter à ton réseau ou à me contacter. 😉 Mon but c'est de te proposer la bonne mission, au parfait moment ! 🕛 Pour ça, pas de secret 🤫, en s'intéressant à ton profil et en t'envoyant un message spécialement destiné. À très vite dans la communauté des Bloomers 👨🏽‍💻👩🏻‍💻",
  },
  "accomplishments": [],
  "contact": [
    {
      "links": [
        "https://www.linkedin.com/in/aurore-veneto-5a6034213",
      ],
      "type": "Profil de Aurore",
      "values": [
        "linkedin.com/in/aurore-veneto-5a6034213",
      ],
    },
    {
      "links": [
        "mailto:aurore.veneto@gmail.com",
      ],
      "type": "E-mail",
      "values": [
        "aurore.veneto@gmail.com",
      ],
    },
    {
      "type": "Connecté",
      "values": [
        "21 juin 2021",
      ],
    },
  ],
  "courses": [],
  "educations": [
    {
      "date1": "2014",
      "date2": "2017",
      "degree": "Master en Ressources Humaines, Gestion des ressources humaines / administration du personnel, général",
      "title": "Rennes School of Business",
      "url": "https://www.linkedin.com/company/15092681/",
    },
    {
      "date1": "2013",
      "date2": "2014",
      "degree": "BTS NRC, Négociations & Relations clients",
      "title": "ISCG Paris",
      "url": "https://www.linkedin.com/company/2090001/",
    },
  ],
  "languages": [],
  "peopleAlsoViewed": [],
  "positions": [
    {
      "companyName": "Bloomays",
      "contractType": "Temps plein",
      "date1": "nov. 2020",
      "date2": "aujourd’hui",
      "description": "En tant que TAM, j'accompagne mes clients sur le recrutement de leurs équipes !

👉 Tous types de profils : Software Engineer, Tech Lead, CTO, DevOps, QA Engineer, Technical Architect, Product Owner, Product Manager, UX/UI/Product Designers...
👉 Tous types de technos : JavaScript, Java, PHP, Python, RoR, Go, mobile, blockchain...",
      "link": "https://www.linkedin.com/company/14823353/",
      "location": "Ville de Paris, Île-de-France, France",
      "roles": [],
      "title": "Talent & Account Manager",
      "url": "https://www.linkedin.com/company/14823353/",
    },
    {
      "companyName": "Sopra Steria",
      "contractType": "Temps plein",
      "date1": "juil. 2018",
      "date2": "août 2020",
      "description": "- Sourcing on job-boards, pre-qualifications and physical interview
- Integration of the candidates and tracking
- Clients follow-up, prospection and maintain of the portfolio
- Push strategy and commercial proposals
- Creation of partnerships towards schools and training institution",
      "link": "https://www.linkedin.com/company/3054/",
      "location": "Ville de Paris, Île-de-France, France",
      "roles": [],
      "title": "Tech Recruiter",
      "url": "https://www.linkedin.com/company/3054/",
    },
    {
      "companyName": "Capgemini",
      "contractType": "CDD",
      "date1": "sept. 2017",
      "date2": "mai 2018",
      "link": "https://www.linkedin.com/company/157240/",
      "location": "Ville de Paris, Île-de-France, France",
      "title": "Chargée de Recrutement",
      "url": "https://www.linkedin.com/company/157240/",
    },
  ],
  "profile": {
    "connections": "Plus de 500 relations",
    "headline": "Talent & Account Manager (TAM) chez Bloomays",
    "imageurl": Any<String>,
    "location": "Paris, Île-de-France, France",
    "name": "Aurore Veneto",
    "summary": "Hello ! Une recruteuse de feu 👩🏻, là pour t'aider à trouver ton job TECH idéal 🤩 parmi les meilleures opportunités du marché au sein de startups, d'éditeurs de logiciels ou de grands comptes. J'ai régulièrement de nouvelles offres exclusives à proposer alors n'hésites pas à m'ajouter à ton réseau ou à me contacter. 😉 Mon but c'est de te proposer la bonne mission, au parfait moment ! 🕛 Pour ça, pas de secret 🤫, en s'intéressant à ton profil et en t'envoyant un message spécialement destiné. À très vite dans la communauté des Bloomers 👨🏽‍💻👩🏻‍💻",
  },
  "projects": [],
  "recommendations": {
    "given": [],
    "givenCount": "0",
    "received": [],
    "receivedCount": "0",
  },
  "skills": [
    {
      "title": "Anglais",
    },
    {
      "title": "Recherche",
    },
    {
      "title": "Marketing",
    },
    {
      "title": "Formation",
    },
    {
      "title": "Compétences analytiques",
    },
    {
      "title": "Système de suivi des candidatures",
    },
    {
      "title": "Sourcing",
    },
    {
      "title": "Stratégie de sourcing",
    },
    {
      "title": "Entretiens",
    },
    {
      "title": "Entretien sur la base des compétences",
    },
    {
      "title": "Marketing",
    },
    {
      "title": "Formation",
    },
    {
      "title": "Sourcing",
    },
    {
      "title": "Stratégie de sourcing",
    },
    {
      "title": "Entretiens",
    },
    {
      "title": "Entretien sur la base des compétences",
    },
    {
      "title": "Système de suivi des candidatures",
    },
    {
      "title": "Recherche",
    },
    {
      "title": "Compétences analytiques",
    },
    {
      "title": "Anglais",
    },
  ],
  "volunteerExperience": [],
}
`;

exports[`should get profiles properly: lina 1`] = `
{
  "about": {
    "text": "Quoi de mieux qu'un spécialiste de la tech 🌐 pour recruter un profil tech, un spécialiste en Ressources humaines pour recruter un RH. Logique non ? 😁 Je ne me contente pas de remplir des cases et proposer des profils. Je suis avant tout à l’écoute de tout challenge en matière de staffing. Freelances, on vous propose des missions, vous disposez. Décisionnaires de la tech et du digital, pas besoin de vous connecter, de définir vos recherches de compétences, on le fait pour vous, on vous propose des profils ad’hoc, vite. A tous, nous gérons la mission de la façon la plus humaine possible, un suivi hebdomadaire et une marge transparente.",
  },
  "accomplishments": [],
  "contact": [
    {
      "links": [
        "https://www.linkedin.com/in/lina-morel-9b1b7b1b8",
      ],
      "type": "Profil de Lina",
      "values": [
        "linkedin.com/in/lina-morel-9b1b7b1b8",
      ],
    },
    {
      "links": [
        "mailto:lina.morel@bloomays.com",
      ],
      "type": "E-mail",
      "values": [
        "lina.morel@bloomays.com",
      ],
    },
    {
      "type": "Connecté",
      "values": [
        "13 nov. 2020",
      ],
    },
  ],
  "courses": [],
  "educations": [
    {
      "date1": "2016",
      "date2": "2019",
      "degree": "Programme grande école, Marketing",
      "description": "The mission of the BIB program is to provide students with a broad introduction to management, international business, foreign cultures and foreign languages which will allow them to work in a diverse environment or pursue further graduate management studies.",
      "skills": [
        {
          "title": "Marketing",
        },
        {
          "title": "Growth hacking",
        },
        {
          "title": "Marketing digital",
        },
      ],
      "title": "Grenoble Ecole de Management",
      "url": "https://www.linkedin.com/company/18927/",
    },
    {
      "date1": "2014",
      "date2": "2016",
      "degree": "BTS NRC (Négociation et Relation Client), Commerce international / commerce",
      "title": "Lycée Emile Dubois",
      "url": "https://www.linkedin.com/search/results/all/?keywords=Lyc%C3%A9e+Emile+Dubois",
    },
  ],
  "languages": [],
  "peopleAlsoViewed": [],
  "positions": [
    {
      "companyName": "Bloomays",
      "contractType": "CDI",
      "date1": "mai 2020",
      "date2": "aujourd’hui",
      "description": "Bloomays c’est une start-up exclusivement dédiée à l’accompagnement RH des CTO !
On résout tous vos problèmes/challenges liés aux équipes: recrutement (interne ou prestation externe), évaluation de ces équipes à réussir leurs projets. Motivation et rétention, mobilités internes, investissement dans les compétences clés/critiques.
CTO, on fait tout pour te faciliter la vie !",
      "link": "https://www.linkedin.com/company/14823353/",
      "location": "Ville de Paris, Île-de-France, France",
      "remotePolicy": "Hybride",
      "roles": [],
      "skills": [
        {
          "title": "Growth hacking",
        },
      ],
      "title": "Growth Hacker",
      "url": "https://www.linkedin.com/company/14823353/",
    },
    {
      "companyName": "Brentt",
      "companyNameWithRole": undefined,
      "link": "https://www.linkedin.com/company/28896199/",
      "roles": [
        {
          "date1": "juin 2019",
          "date2": "févr. 2020",
          "location": "Paris, Île-de-France, France",
          "remotePolicy": "Sur site",
          "title": "Responsable développement commercial marketing",
        },
        {
          "date1": "févr. 2019",
          "date2": "mai 2019",
          "description": "Stage de fin d'études.",
          "location": "Paris, Île-de-France, France",
          "remotePolicy": "Hybride",
          "skills": [
            {
              "title": "Marketing",
            },
          ],
          "title": "Assistant responsable marketing",
        },
      ],
      "url": "https://www.linkedin.com/company/28896199/",
    },
  ],
  "profile": {
    "connections": "Plus de 500 relations",
    "headline": "Growth Hacker & Tech Recruiter chez Bloomays",
    "imageurl": Any<String>,
    "location": "Paris, Île-de-France, France",
    "name": "Lina Morel",
    "summary": "Quoi de mieux qu'un spécialiste de la tech 🌐 pour recruter un profil tech, un spécialiste en Ressources humaines pour recruter un RH. Logique non ? 😁 Je ne me contente pas de remplir des cases et proposer des profils. Je suis avant tout à l’écoute de tout challenge en matière de staffing. Freelances, on vous propose des missions, vous disposez. Décisionnaires de la tech et du digital, pas besoin de vous connecter, de définir vos recherches de compétences, on le fait pour vous, on vous propose des profils ad’hoc, vite. A tous, nous gérons la mission de la façon la plus humaine possible, un suivi hebdomadaire et une marge transparente.",
  },
  "projects": [],
  "recommendations": {
    "given": [],
    "givenCount": "0",
    "received": [],
    "receivedCount": "0",
  },
  "skills": [
    {
      "title": "Développement commercial",
    },
    {
      "title": "Marketing digital",
    },
    {
      "title": "Growth hacking",
    },
    {
      "title": "Test A/B",
    },
    {
      "title": "Marketing",
    },
    {
      "title": "Optimisation des conversations",
    },
    {
      "title": "Email marketing",
    },
    {
      "title": "Optimisation pour les moteurs de recherche (SEO)",
    },
    {
      "title": "Acquisition de clients",
    },
    {
      "title": "Web analytique",
    },
    {
      "title": "anglais",
    },
    {
      "title": "Recrutement",
    },
    {
      "title": "talent acquisition",
    },
    {
      "title": "Développement commercial",
    },
    {
      "title": "Marketing digital",
    },
    {
      "title": "Growth hacking",
    },
    {
      "title": "Test A/B",
    },
    {
      "title": "Marketing",
    },
    {
      "title": "Email marketing",
    },
    {
      "title": "Optimisation pour les moteurs de recherche (SEO)",
    },
    {
      "title": "Acquisition de clients",
    },
    {
      "title": "Web analytique",
    },
    {
      "title": "Recrutement",
    },
    {
      "title": "talent acquisition",
    },
    {
      "title": "anglais",
    },
  ],
  "volunteerExperience": [],
}
`;

exports[`should get profiles properly: rosa 1`] = `
{
  "about": {
    "text": "Enchantée ! Une 👩🏻 exceptionnelle 🔥, là pour te permettre de trouver ton job TECH/RH idéal 🤩 parmi les meilleures opportunités du marché au sein de startups, scale-ups, d'éditeurs de logiciels ou de grands comptes. J'ai régulièrement de nouvelles offres à proposer alors n'hésites pas à m'ajouter à ton réseau et à me contacter. 😉 Mon but c'est de te proposer la bonne mission, au bon moment ! Pour ça, pas de secret 🤫, je m'intéresse à ton profil et t'envoie un message spécialement destiné. N'hésite pas à prendre contact avec moi. À très vite dans la communauté des Bloomers 👨🏽‍💻👩🏻‍💻",
  },
  "accomplishments": [],
  "contact": [
    {
      "links": [
        "https://www.linkedin.com/in/rosa-barbet-69a6bb220",
      ],
      "type": "Profil de Rosa",
      "values": [
        "linkedin.com/in/rosa-barbet-69a6bb220",
      ],
    },
    {
      "links": [
        "mailto:barbetrosa@gmail.com",
      ],
      "type": "E-mail",
      "values": [
        "barbetrosa@gmail.com",
      ],
    },
    {
      "type": "Connecté",
      "values": [
        "13 oct. 2021",
      ],
    },
  ],
  "courses": [],
  "educations": [
    {
      "date1": "sept. 2012",
      "date2": "août 2015",
      "degree": "Diplôme d'études supérieures en management, Management",
      "title": "Grenoble Ecole de Management",
      "url": "https://www.linkedin.com/company/18927/",
    },
    {
      "date1": "sept. 2011",
      "date2": "juin 2012",
      "degree": "DUT gestion des entreprises et des administrations, Gestion des ressources humaines / administration du personnel, général",
      "title": "IUT de Paris - Rives de Seine",
      "url": "https://www.linkedin.com/company/15096879/",
    },
  ],
  "languages": [],
  "peopleAlsoViewed": [],
  "positions": [
    {
      "companyName": "Bloomays",
      "contractType": "CDI",
      "date1": "juil. 2021",
      "date2": "aujourd’hui",
      "link": "https://www.linkedin.com/company/14823353/",
      "title": "Talent and Account Manager (TAM)",
      "url": "https://www.linkedin.com/company/14823353/",
    },
    {
      "companyName": "Havas",
      "contractType": "CDI",
      "date1": "août 2018",
      "date2": "mai 2021",
      "link": "https://www.linkedin.com/company/2500/",
      "location": "Ville de Paris, Île-de-France, France",
      "title": "Recruteuse technique",
      "url": "https://www.linkedin.com/company/2500/",
    },
    {
      "companyName": "HP",
      "contractType": "CDI",
      "date1": "janv. 2016",
      "date2": "mai 2018",
      "link": "https://www.linkedin.com/company/5390798/",
      "location": "Grenoble, Auvergne-Rhône-Alpes, France",
      "title": "Chargée de Recrutement",
      "url": "https://www.linkedin.com/company/5390798/",
    },
    {
      "companyName": "Melloon",
      "contractType": "Stage",
      "date1": "juil. 2015",
      "date2": "janv. 2016",
      "link": "https://www.linkedin.com/search/results/all/?keywords=Melloon",
      "location": "Madrid, Communauté de Madrid, Espagne",
      "title": "Assistante responsable ressources humaines",
      "url": "https://www.linkedin.com/search/results/all/?keywords=Melloon",
    },
  ],
  "profile": {
    "connections": "Plus de 500 relations",
    "headline": "Talent & Account Manager (TAM)",
    "imageurl": Any<String>,
    "location": "Paris, Île-de-France, France",
    "name": "Rosa Barbet",
    "summary": "Enchantée ! Une 👩🏻 exceptionnelle 🔥, là pour te permettre de trouver ton job TECH/RH idéal 🤩 parmi les meilleures opportunités du marché au sein de startups, scale-ups, d'éditeurs de logiciels ou de grands comptes. J'ai régulièrement de nouvelles offres à proposer alors n'hésites pas à m'ajouter à ton réseau et à me contacter. 😉 Mon but c'est de te proposer la bonne mission, au bon moment ! Pour ça, pas de secret 🤫, je m'intéresse à ton profil et t'envoie un message spécialement destiné. N'hésite pas à prendre contact avec moi. À très vite dans la communauté des Bloomers 👨🏽‍💻👩🏻‍💻",
  },
  "projects": [],
  "recommendations": {
    "given": [],
    "givenCount": "0",
    "received": [],
    "receivedCount": "0",
  },
  "skills": [
    {
      "title": "Droit",
    },
    {
      "title": "Ressources humaines (RH)",
    },
    {
      "title": "Sourcing",
    },
    {
      "title": "Recrutement",
    },
    {
      "title": "Recrutement technique",
    },
    {
      "title": "Stratégie de sourcing",
    },
    {
      "title": "Droit",
    },
    {
      "title": "Ressources humaines (RH)",
    },
    {
      "title": "Sourcing",
    },
    {
      "title": "Recrutement",
    },
    {
      "title": "Recrutement technique",
    },
    {
      "title": "Stratégie de sourcing",
    },
  ],
  "volunteerExperience": [],
}
`;

exports[`should get special profile properly: yousseftarguisti 1`] = `
{
  "about": {
    "text": "Graduate from EDHEC Business School and Master in Management graduate from IAE de Lille, I spent 8 years in product and project management across handling challenges around various industries such as technology, telecommunications, real estate, retail and public administration. Feel free to contact me #Scrum #Agile #Projectmanagement #Transformation #Strategy #Consulting #Safe",
  },
  "accomplishments": [],
  "contact": [
    {
      "links": [
        "https://www.linkedin.com/in/yousseftarguisti",
      ],
      "type": "Profil de Youssef",
      "values": [
        "linkedin.com/in/yousseftarguisti",
      ],
    },
    {
      "links": [
        "mailto:youssef.targuisti@gmail.com",
      ],
      "type": "E-mail",
      "values": [
        "youssef.targuisti@gmail.com",
      ],
    },
  ],
  "courses": [
    {},
    {},
  ],
  "educations": [
    {
      "date1": "2010",
      "date2": "2014",
      "degree": "Bachelor of Business Administration - BBA , Management / Marketing / Finance / HR / Corporate law",
      "title": "EDHEC Business School",
      "url": "https://www.linkedin.com/company/16001/",
    },
    {
      "date1": "2014",
      "date2": "2015",
      "degree": "Master's degree, Management of business units, spécialité marketing",
      "title": "IAE Lille",
      "url": "https://www.linkedin.com/company/1607828/",
    },
  ],
  "languages": [
    {
      "name": "Anglais",
      "proficiency": "Capacité professionnelle complète",
    },
    {
      "name": "Arabe",
      "proficiency": "Bilingue ou langue natale",
    },
    {
      "name": "Espagnol",
      "proficiency": "Compétence professionnelle",
    },
  ],
  "peopleAlsoViewed": [],
  "positions": [
    {
      "companyName": "Sonepar",
      "contractType": "Temps plein",
      "date1": "nov. 2022",
      "date2": "aujourd’hui",
      "description": "- Within an SAFE project and a international context (more than 250pers), I am supporting SONEPAR (international leader of electrical retail) as Scrum Master for the implementation of Microsoft Dynamics CRM and the rollout of their countries throughout all Europe countries and North America. 
This project is dedicated to digitalize processes of this leader. More than 80 000 users daily all over the world.

- I lead and coordinate the activity of a team of 8 Hitachi’s Dynamics developers (technical & functional) in UK, Portugal and 1 Product Owner in Spain. I'm also Scrum Master of a Data team including 2 Data Scientists, 2 Data Engineers, 1 QA and 1 Product Owner, located in India, Romania and France.

- I facilitate exchanges, unlock issues and remove impediments between scrum teams and other teams, PMs, arch and the stakeholders and we found solutions. 

- I ensure that the project team applies the Scrum Framework effectively by adopting a participative management mode in order to achieve the objectives throughout the sprints.

- My role is to make the team fully autonomous, committed and productive by leading and facilitating the agile ceremonies (Daily, Sprint Planning, Demo, Retro) by removing obstacles for guarantee the team's velocity.

- I identify impediments and implement improvement actions to respect the delivery quality

- I build KPI's on delivery, production and agile artefacts : 1 release by week, 2 deliveries by sprint, 60/70 SP by sprint

- Technologies used at Sonepar: 
- Azure Cloud, JIRA, Mural, Confluence, Sharepoint, MS Dynamics, ReactJs, Jenkins, PostGreSql, GIT, Python (Robot Framework),JAVA, SQL, Elastic search, Kubernetes, Sonar, PowerBI, Datalake",
      "link": "https://www.linkedin.com/company/18324/",
      "location": "Ville de Paris, Île-de-France, France",
      "remotePolicy": "À distance",
      "roles": [],
      "skills": [
        {
          "title": "Big data",
        },
        {
          "title": "Data analytics",
        },
        {
          "title": "Anglais",
        },
        {
          "title": "Amélioration continue",
        },
        {
          "title": "Gestion d’équipe",
        },
        {
          "title": "Gestion de projet",
        },
        {
          "title": "Management",
        },
        {
          "title": "Méthodes agiles",
        },
      ],
      "title": "Scrum master",
      "url": "https://www.linkedin.com/company/18324/",
    },
    {
      "companyName": "La Poste Groupe",
      "contractType": "CDI",
      "date1": "déc. 2021",
      "date2": "nov. 2022",
      "description": "- Within an SAFE project and a international context, I am accompanying COLISSIMO (LaPoste Group) as Scrum Master for the improvement of theirs Apps on a project dedicated to last mile delivery. 150 000 users daily all over the France.

- I lead and coordinate the activity of a team of 8 developers in Morrocco, Senegal and 1 product owner in France.

- I facilitate exchanges/links between my team and the stakeholders and found solutions.

- I ensure that the project team applies the Scrum Framework effectively by adopting a participative management mode in order to achieve the objectives throughout the sprints.

- My role is to make the team fully autonomous and productive by leading and facilitating the agile ceremonies (Daily, Sprint Planning, Demo, Retro) by removing obstacles for guarantee the team's velocity.

- I identify impediments and implement improvement actions to respect the delivery quality

- I build KPI's on delivery, production and agile artefacts : 150 000users/days, 1 delivery by sprint.

- Technologies used at Colissimo : 
- Scala (Play Framework), ReactJs, Electron, Jenkins, PostGreSql, GIT, Python (Robot Framework), Kotlin, JAVA, SQL",
      "link": "https://www.linkedin.com/company/164661/",
      "location": "Casablanca-Settat, Maroc",
      "remotePolicy": "Hybride",
      "roles": [],
      "skills": [
        {
          "title": "Scrum",
        },
        {
          "title": "Méthodes agiles",
        },
      ],
      "title": "Scrum master",
      "url": "https://www.linkedin.com/company/164661/",
    },
    {
      "companyName": "LYRIS GROUP",
      "contractType": "Freelance",
      "date1": "janv. 2021",
      "date2": "déc. 2021",
      "description": "• Build and develop a portfolio of customers to negotiate mandates : 30 clients in 2021
• Organize appointments for needs analysis and visits with customers
• Participate in various negotiation meetings, financial, legal, technical
• Advising company managers in their search for a location 
• Ensure the coordination of each stakeholders : Architects, Bankers, Geometrists, Engineers...
• Follow the negotiations until the signature of the lease or the sale agreement : 10 projects validated in 2021",
      "link": "https://www.linkedin.com/company/10836011/",
      "location": "Lille, Hauts-de-France, France",
      "roles": [],
      "title": "Portfolio Manager",
      "url": "https://www.linkedin.com/company/10836011/",
    },
    {
      "companyName": "Carrefour market",
      "contractType": "CDI",
      "date1": "sept. 2018",
      "date2": "déc. 2020",
      "description": "• Coordinate the overall activity of the store and manage the financial operating account in collaboration with the manager
• Management of a digital project to improve the in-store drive in a complex health context 
• Animate and organize the commercial life of the store with the department managers: 5 in total
• Lead weekly meetings and daily speeches
• Analyse monthly results and define action plans
• Coach, train and support new department managers: 8 by year
• Guarantee the quality of our products and stocks in order to improve customer satisfaction 
• Communicate the store vision with stakeholders",
      "link": "https://www.linkedin.com/company/38640282/",
      "location": "Lille, Hauts-de-France, France",
      "roles": [],
      "title": "Retail & project Manager",
      "url": "https://www.linkedin.com/company/38640282/",
    },
    {
      "companyName": "BRICOMAN",
      "date1": "août 2015",
      "date2": "juil. 2018",
      "description": "• Analyzed financial as well as business results of my dedicated perimeter
• Handled stocks, purchases and product merchandizing
• Managed the commercial development through events, partnerships and showrooms
• Developed and implemented a recruitment and training process for my sales team (10 persons)
• Act as a relay between my team and Top management",
      "link": "https://www.linkedin.com/company/2706866/",
      "location": "Région de Strasbourg, France",
      "roles": [],
      "title": "Sales Manager",
      "url": "https://www.linkedin.com/company/2706866/",
    },
    {
      "companyName": "Orange",
      "date1": "sept. 2014",
      "date2": "août 2015",
      "description": "• Analyzed market performances and penetration rates (segment, brand, country) of Orange
• Worked on trends prediction and delivered recommendations for product improvement
• Provided to the Top Management with a weekly reporting of each Business Unit’s KPI
• Inform the stakeholders about the news, the NFC project's vision and impediments",
      "link": "https://www.linkedin.com/company/1110/",
      "location": "Technocentre de Chatillon",
      "roles": [],
      "title": "Product Manager Assistant - NFC Technology",
      "url": "https://www.linkedin.com/company/1110/",
    },
    {
      "companyName": "Ville de Roubaix",
      "date1": "sept. 2013",
      "date2": "sept. 2014",
      "description": "• Contributed to the revitalization of Roubaix’s commercial force through events / meet-ups
• Created an application to animate B2C relationships 
• Helped tradespeople in administrative requests
• Managed the commercialization of vacant premises",
      "link": "https://www.linkedin.com/company/1576211/",
      "location": "France",
      "roles": [],
      "title": "Commercial Development Manager",
      "url": "https://www.linkedin.com/company/1576211/",
    },
    {
      "companyName": "Darty",
      "date1": "août 2012",
      "date2": "août 2013",
      "description": "• Managed the commercialization of a portfolio of >200 IT products on our online platform
• Referenced and wrote product descriptions on darty.com 
• Developed a tool for better decision making at a national scale for store managers",
      "link": "https://www.linkedin.com/company/15496/",
      "location": "Région de Paris, France",
      "roles": [],
      "title": "Product Manager Assistant - IT Division",
      "url": "https://www.linkedin.com/company/15496/",
    },
  ],
  "profile": {
    "connections": "982 abonnés",
    "headline": "#SCRUM #SAFE #DATA #CRM #ERP #BI",
    "imageurl": Any<String>,
    "location": "Paris, Île-de-France, France",
    "name": "Youssef Targuisti",
    "summary": "Graduate from EDHEC Business School and Master in Management graduate from IAE de Lille, I spent 8 years in product and project management across handling challenges around various industries such as technology, telecommunications, real estate, retail and public administration. Feel free to contact me #Scrum #Agile #Projectmanagement #Transformation #Strategy #Consulting #Safe",
  },
  "projects": [
    {
      "date": "janv. 2014 - aujourd’hui",
      "description": undefined,
      "link": undefined,
      "name": undefined,
    },
    {
      "date": "sept. 2011 - aujourd’hui",
      "description": undefined,
      "link": undefined,
      "name": undefined,
    },
    {
      "date": "sept. 2009 - aujourd’hui",
      "description": undefined,
      "link": undefined,
      "name": undefined,
    },
  ],
  "recommendations": {
    "given": [
      {
        "profileImage": "https://good.com",
        "text": "Bachir, je te recommanderai à n’importe quelle entreprise tellement tu es précieux par ton dynamisme, ta motivation et ton comportement au quotidien. C’est un réel plaisir de travailler avec toi, j’en ai appris tous les jours. Tu es sur tous les fronts, emparai que, à l’écoute, sérieux et autodidacte !Merci pour tout ce que tu m’as appris humainement et professionnellement, je te recommande 1000000 fois !",
        "userDescription": "Développeur Fullstack | Développeur Android Native 💚",
      },
      {
        "profileImage": "https://good.com",
        "text": "J’ai travaillé avec Armel pendant 1 petite année et je vous recommande ses compétences. Armel est à l’écoute, il a à cœur de s’améliorer et de faire des efforts au quotidien. Il a un bon mindset d’esprit d’équipe et apporte de la nouveauté grâce à son savoir car il aime apprendre tous les jours.",
        "userDescription": "Android Software Engineer #AndroidNative #Kotlin",
      },
      {
        "profileImage": "https://good.com",
        "text": "Je recommande Mohamed pour son savoir, ça curiosité et son aisance relationnelle qui font de lui le collaborateur qu’il vous faut !",
        "userDescription": "Fullllstack Developer -  Project Manager  -  Github : github.com/momozer",
      },
    ],
    "givenCount": "0",
    "received": [],
    "receivedCount": "0",
  },
  "skills": [
    {
      "title": "Big data",
    },
    {
      "title": "Data analytics",
    },
    {
      "title": "Anglais",
    },
    {
      "title": "Amélioration continue",
    },
    {
      "title": "Gestion d’équipe",
    },
    {
      "title": "Stratégie de commercialisation",
    },
    {
      "title": "Management marketing",
    },
    {
      "title": "Microsoft Office",
    },
    {
      "title": "Responsable produit",
    },
    {
      "title": "BtoB",
    },
    {
      "title": "Commerce de détail",
    },
    {
      "title": "E-commerce",
    },
    {
      "title": "Retail",
    },
    {
      "title": "Stratégie commerciale",
    },
    {
      "title": "B2B",
    },
    {
      "title": "Product Management",
    },
    {
      "title": "Marketing Management",
    },
    {
      "title": "Gestion de projet",
    },
    {
      "title": "Analyse de marché",
    },
    {
      "title": "Compétences analytiques",
    },
    {
      "title": "Big data",
    },
    {
      "title": "Data analytics",
    },
    {
      "title": "Amélioration continue",
    },
    {
      "title": "Stratégie de commercialisation",
    },
    {
      "title": "Management marketing",
    },
    {
      "title": "Responsable produit",
    },
    {
      "title": "BtoB",
    },
    {
      "title": "Commerce de détail",
    },
    {
      "title": "E-commerce",
    },
    {
      "title": "Retail",
    },
    {
      "title": "Stratégie commerciale",
    },
    {
      "title": "B2B",
    },
    {
      "title": "Product Management",
    },
    {
      "title": "Marketing Management",
    },
    {
      "title": "Gestion de projet",
    },
    {
      "title": "Analyse de marché",
    },
    {
      "title": "Développement commercial",
    },
    {
      "title": "Gestion de la relation client (CRM)",
    },
    {
      "title": "Scrum",
    },
    {
      "title": "Méthodes agiles",
    },
    {
      "title": "Microsoft Office",
    },
    {
      "title": "Microsoft Excel",
    },
    {
      "title": "Microsoft PowerPoint",
    },
    {
      "title": "Microsoft Word",
    },
    {
      "title": "Gestion d’équipe",
    },
    {
      "title": "Compétences analytiques",
    },
    {
      "title": "Stratégie",
    },
    {
      "title": "Management",
    },
    {
      "title": "Communication interpersonnelle",
    },
    {
      "title": "Anglais",
    },
    {
      "title": "English",
    },
  ],
  "volunteerExperience": [],
}
`;
